// Jest Snapshot v1, https://goo.gl/fbAQLP

exports[`Input componenet should render the Input component 1`] = `
<div
  className="grid"
>
  <button
    className="item"
    onClick={[Function]}
    type="button"
  >
    AC
  </button>
  <button
    className="item"
    onClick={[Function]}
    type="button"
  >
    +/-
  </button>
  <button
    className="item"
    onClick={[Function]}
    type="button"
  >
    %
  </button>
  <button
    className="item division color"
    onClick={[Function]}
    type="button"
  >
    รท
  </button>
  <button
    className="item"
    onClick={[Function]}
    type="button"
  >
    7
  </button>
  <button
    className="item"
    onClick={[Function]}
    type="button"
  >
    8
  </button>
  <button
    className="item"
    onClick={[Function]}
    type="button"
  >
    9
  </button>
  <button
    className="item color"
    onClick={[Function]}
    type="button"
  >
    x
  </button>
  <button
    className="item"
    onClick={[Function]}
    type="button"
  >
    4
  </button>
  <button
    className="item"
    onClick={[Function]}
    type="button"
  >
    5
  </button>
  <button
    className="item"
    onClick={[Function]}
    type="button"
  >
    6
  </button>
  <button
    className="item color"
    onClick={[Function]}
    type="button"
  >
    -
  </button>
  <button
    className="item"
    onClick={[Function]}
    type="button"
  >
    1
  </button>
  <button
    className="item"
    onClick={[Function]}
    type="button"
  >
    2
  </button>
  <button
    className="item"
    onClick={[Function]}
    type="button"
  >
    3
  </button>
  <button
    className="item color"
    onClick={[Function]}
    type="button"
  >
    +
  </button>
  <button
    className="item item0"
    onClick={[Function]}
    type="button"
  >
    0
  </button>
  <button
    className="item"
    onClick={[Function]}
    type="button"
  >
    .
  </button>
  <button
    className="item color"
    onClick={[Function]}
    type="button"
  >
    =
  </button>
</div>
`;
